
----------- Testing MentalModel -----------

┌─────────────────────────────────────────────────────────────────────────────────────────────────────────────────────────────────────────────────────┐
│ 🧠 Mental Model: First Principles Thinking                                                                                                             │
├─────────────────────────────────────────────────────────────────────────────────────────────────────────────────────────────────────────────────────┤
│ Definition: Problem: How to improve code reusability in a large codebase?
Breaking a problem down to its most fundamental truths and reasoning up from there. │
├─────────────────────────────────────────────────────────────────────────────────────────────────────────────────────────────────────────────────────┤
│ When to Use:                                                                                                                                          │
│ • Facing a complex or seemingly unsolvable problem                                                                                                  │
│ • Need to innovate or challenge assumptions                                                                                                         │
│ • When existing solutions seem inefficient or inadequate                                                                                            │
├─────────────────────────────────────────────────────────────────────────────────────────────────────────────────────────────────────────────────────┤
│ Steps:                                                                                                                                               │
│ • Identify and question every assumption                                                                                                            │
│ • Break the problem down into its fundamental parts                                                                                                 │
│ • Reconstruct a solution from the ground up using logic and evidence                                                                                │
├─────────────────────────────────────────────────────────────────────────────────────────────────────────────────────────────────────────────────────┤
│ Example: Tesla reduced the cost of electric cars by rethinking battery production instead of accepting high costs.                                   │
├─────────────────────────────────────────────────────────────────────────────────────────────────────────────────────────────────────────────────────┤
│ Pitfalls:                                                                                                                                            │
│ • Overcomplicating simple problems                                                                                                                  │
│ • Getting stuck on defining fundamentals instead of making progress                                                                                 │
│ • Spending too much time questioning obvious truths                                                                                                 │
└─────────────────────────────────────────────────────────────────────────────────────────────────────────────────────────────────────────────────────┘
Result: {
  "content": [
    {
      "type": "text",
      "text": "{\n  \"modelName\": \"First Principles Thinking\",\n  \"status\": \"success\",\n  \"hasSteps\": true,\n  \"problem\": \"How to improve code reusability in a large codebase?\"\n}"
    }
  ]
}
✅ MentalModel test passed

----------- Testing SequentialThinking -----------

┌──────────────────────────────────────────────────────────┐
│ Thought 1/3                                              │
├──────────────────────────────────────────────────────────┤
│ Let me think about how to solve this problem step by     │
│ step.                                                    │
├──────────────────────────────────────────────────────────┤
│ ✓ Needs next thought                                     │
└──────────────────────────────────────────────────────────┘
Result: {
  "content": [
    {
      "type": "text",
      "text": "{\n  \"thoughtNumber\": 1,\n  \"totalThoughts\": 3,\n  \"nextThoughtNeeded\": true,\n  \"branches\": [],\n  \"thoughtHistoryLength\": 1\n}"
    }
  ]
}
✅ SequentialThinking test passed

----------- Testing DebuggingApproach -----------

┌────────────────────────────────────────────────────┐
│ 🔍 Debugging Approach: binary_search                   │
├────────────────────────────────────────────────────┤
│ Issue: Application crashes when processing large files. │
├────────────────────────────────────────────────────┤
│ Steps:                                              │
│ • Identify if the issue occurs with all file sizes │
│ • Try with medium-sized file to narrow down        │
├────────────────────────────────────────────────────┤
│ Findings:                                           │
├────────────────────────────────────────────────────┤
│ Resolution:                                          │
└────────────────────────────────────────────────────┘
Result: {
  "content": [
    {
      "type": "text",
      "text": "{\n  \"approachName\": \"binary_search\",\n  \"status\": \"success\",\n  \"hasSteps\": true,\n  \"hasResolution\": false\n}"
    }
  ]
}
✅ DebuggingApproach test passed

----------- Testing Brainstorming -----------
Result: {
  "content": [
    {
      "type": "text",
      "text": "Processed brainstorming: {\"phase\":\"ideation\",\"topic\":\"Improving user experience in our application\"}"
    }
  ]
}
✅ Brainstorming test passed

----------- Testing StochasticAlgorithm -----------
Result: {
  "content": [
    {
      "type": "text",
      "text": "Processed stochastic algorithm: {\"algorithm\":\"mdp\",\"problem\":\"Optimizing resource allocation in cloud infrastructure\",\"parameters\":{\"gamma\":0.9,\"epsilon\":0.1}}"
    }
  ]
}
✅ StochasticAlgorithm test passed

----------- Testing FirstThoughtAdvisor -----------
Result: {
  "content": [
    {
      "type": "text",
      "text": "Processed first thought advice: {\"problem\":\"How to approach designing a scalable microservice architecture?\"}"
    }
  ]
}
✅ FirstThoughtAdvisor test passed

----------- Testing FeatureDiscussion -----------
Result: {
  "content": [
    {
      "type": "text",
      "text": "Processed feature discussion: {\"featureId\":\"dynamic-theme-switching\",\"response\":\"We should implement a theme provider component that all UI elements can subscribe to.\"}"
    }
  ]
}
✅ FeatureDiscussion test passed

----------- Testing FeatureAnalyzer -----------
Result: {
  "content": [
    {
      "type": "text",
      "text": "Processed feature analysis: {\"featureName\":\"multi-factor-authentication\",\"featureDescription\":\"Adding support for authenticator apps and SMS codes for account security.\"}"
    }
  ]
}
✅ FeatureAnalyzer test passed

----------- All tests completed -----------
Sequential Thinking MCP Server running on stdio
